2016-01-29 15:38:44.538 1195 DEBUG neutron.plugins.ml2.db [req-f45d2323-3110-4646-9762-5b98dc281ed5 ] For port afcd9f8f-68e3-4b9e-8d83-3a20a2cee051, host osp7_networker2_1447326248297_70074, set binding levels [<neutron.plugins.ml2.models.PortBindingLevel[object at 3f836d0] {port_id=u'afcd9f8f-68e3-4b9e-8d83-3a20a2cee051', host=u'osp7_networker2_1447326248297_70074', level=0, driver='openvswitch', segment_id=u'923c9e89-c264-422d-95ef-c486c5f24f81'}>] set_binding_levels /usr/lib/python2.7/site-packages/neutron/plugins/ml2/db.py:162
2016-01-29 15:38:44.540 1195 DEBUG neutron.api.rpc.handlers.l3_rpc [req-e817bfba-3abf-4112-9f87-d8ce9b321b8a ] Checking router: 8aa46528-5442-464a-9dbb-e60a461f94db for host: osp7_networker3_1447326248174_60251 _ensure_host_set_on_ports /usr/lib/python2.7/site-packages/neutron/api/rpc/handlers/l3_rpc.py:95
2016-01-29 15:38:44.542 1195 DEBUG oslo_concurrency.lockutils [req-f45d2323-3110-4646-9762-5b98dc281ed5 ] Releasing semaphore "db-access" lock /usr/lib/python2.7/site-packages/oslo_concurrency/lockutils.py:404
2016-01-29 15:38:44.549 1195 DEBUG oslo_messaging._drivers.amqp [req-f45d2323-3110-4646-9762-5b98dc281ed5 ] UNIQUE_ID is 41119829213d409cbea747368e35f99b. _add_unique_id /usr/lib/python2.7/site-packages/oslo_messaging/_drivers/amqp.py:258
2016-01-29 15:38:44.555 1195 DEBUG oslo_messaging._drivers.amqp [-] unpacked context: {u'read_deleted': u'no', u'project_name': None, u'user_id': None, u'roles': [u'admin'], u'tenant_id': None, u'auth_token': None, u'request_id': u'req-f6fcf07f-8a4b-4984-88a1-b289e97c9e33', u'is_admin': True, u'user': None, u'timestamp': u'2016-01-29 14:38:26.033841', u'tenant_name': None, u'project_id': None, u'user_name': None, u'tenant': None} unpack_context /usr/lib/python2.7/site-packages/oslo_messaging/_drivers/amqp.py:203
2016-01-29 15:38:44.556 1195 DEBUG oslo_concurrency.lockutils [req-e817bfba-3abf-4112-9f87-d8ce9b321b8a ] Acquired semaphore "db-access" lock /usr/lib/python2.7/site-packages/oslo_concurrency/lockutils.py:391
2016-01-29 15:38:44.589 1195 DEBUG neutron.plugins.ml2.db [req-e817bfba-3abf-4112-9f87-d8ce9b321b8a ] For port afcd9f8f-68e3-4b9e-8d83-3a20a2cee051, host osp7_networker2_1447326248297_70074, got binding levels [<neutron.plugins.ml2.models.PortBindingLevel[object at 3f72cd0] {port_id=u'afcd9f8f-68e3-4b9e-8d83-3a20a2cee051', host=u'osp7_networker2_1447326248297_70074', level=0L, driver=u'openvswitch', segment_id=u'923c9e89-c264-422d-95ef-c486c5f24f81'}>] get_binding_levels /usr/lib/python2.7/site-packages/neutron/plugins/ml2/db.py:177
2016-01-29 15:38:44.593 1195 DEBUG neutron.plugins.ml2.db [req-e817bfba-3abf-4112-9f87-d8ce9b321b8a ] For port afcd9f8f-68e3-4b9e-8d83-3a20a2cee051, host osp7_networker2_1447326248297_70074, cleared binding levels clear_binding_levels /usr/lib/python2.7/site-packages/neutron/plugins/ml2/db.py:189
2016-01-29 15:38:44.599 1195 DEBUG oslo_concurrency.lockutils [req-e817bfba-3abf-4112-9f87-d8ce9b321b8a ] Releasing semaphore "db-access" lock /usr/lib/python2.7/site-packages/oslo_concurrency/lockutils.py:404
2016-01-29 15:38:44.599 1195 INFO neutron.callbacks.manager [req-e817bfba-3abf-4112-9f87-d8ce9b321b8a ] Notify callbacks for port, after_update
2016-01-29 15:38:44.599 1195 INFO neutron.callbacks.manager [req-e817bfba-3abf-4112-9f87-d8ce9b321b8a ] Calling callback neutron.db.l3_dvrscheduler_db._notify_l3_agent_port_update
2016-01-29 15:38:44.599 1195 DEBUG neutron.db.l3_dvrscheduler_db [req-e817bfba-3abf-4112-9f87-d8ce9b321b8a ] Received port after_update _notify_l3_agent_new_port /usr/lib/python2.7/site-packages/neutron/db/l3_dvrscheduler_db.py:339
2016-01-29 15:38:44.623 1195 DEBUG neutron.plugins.ml2.managers [req-e817bfba-3abf-4112-9f87-d8ce9b321b8a ] Attempting to bind port afcd9f8f-68e3-4b9e-8d83-3a20a2cee051 on host osp7_networker3_1447326248174_60251 for vnic_type normal with profile  bind_port /usr/lib/python2.7/site-packages/neutron/plugins/ml2/managers.py:611
2016-01-29 15:38:44.623 1195 DEBUG neutron.plugins.ml2.managers [req-e817bfba-3abf-4112-9f87-d8ce9b321b8a ] Attempting to bind port afcd9f8f-68e3-4b9e-8d83-3a20a2cee051 on host osp7_networker3_1447326248174_60251 at level 0 using segments [{'segmentation_id': 68L, 'physical_network': None, 'id': u'923c9e89-c264-422d-95ef-c486c5f24f81', 'network_type': u'vxlan'}] _bind_port_level /usr/lib/python2.7/site-packages/neutron/plugins/ml2/managers.py:628
2016-01-29 15:38:44.624 1195 DEBUG neutron.plugins.ml2.drivers.mech_agent [req-e817bfba-3abf-4112-9f87-d8ce9b321b8a ] Attempting to bind port afcd9f8f-68e3-4b9e-8d83-3a20a2cee051 on network 5c2113dc-ce66-43f9-b83b-d2f1706ba8a2 bind_port /usr/lib/python2.7/site-packages/neutron/plugins/ml2/drivers/mech_agent.py:60
2016-01-29 15:38:44.630 1195 DEBUG neutron.plugins.ml2.drivers.mech_agent [req-e817bfba-3abf-4112-9f87-d8ce9b321b8a ] Checking agent: {'binary': u'neutron-openvswitch-agent', 'description': None, 'admin_state_up': True, 'heartbeat_timestamp': datetime.datetime(2016, 1, 29, 14, 38, 39), 'alive': True, 'topic': u'N/A', 'host': u'osp7_networker3_1447326248174_60251', 'agent_type': u'Open vSwitch agent', 'created_at': datetime.datetime(2015, 11, 12, 11, 49, 55), 'started_at': datetime.datetime(2016, 1, 29, 14, 38, 30), 'id': u'05f7b8df-44b8-4b7d-94f0-e45d957f7e1e', 'configurations': {u'in_distributed_mode': False, u'arp_responder_enabled': False, u'tunneling_ip': u'192.168.44.13', u'devices': 1, u'l2_population': False, u'tunnel_types': [u'vxlan'], u'enable_distributed_routing': False, u'bridge_mappings': {}}} bind_port /usr/lib/python2.7/site-packages/neutron/plugins/ml2/drivers/mech_agent.py:68
2016-01-29 15:38:44.630 1195 DEBUG neutron.plugins.ml2.drivers.mech_agent [req-e817bfba-3abf-4112-9f87-d8ce9b321b8a ] Checking segment: {'segmentation_id': 68L, 'physical_network': None, 'id': u'923c9e89-c264-422d-95ef-c486c5f24f81', 'network_type': u'vxlan'} for mappings: {} with network types: [u'vxlan', 'local', 'flat', 'vlan'] check_segment_for_agent /usr/lib/python2.7/site-packages/neutron/plugins/ml2/drivers/mech_agent.py:182
2016-01-29 15:38:44.630 1195 DEBUG neutron.plugins.ml2.drivers.mech_agent [req-e817bfba-3abf-4112-9f87-d8ce9b321b8a ] Bound using segment: {'segmentation_id': 68L, 'physical_network': None, 'id': u'923c9e89-c264-422d-95ef-c486c5f24f81', 'network_type': u'vxlan'} bind_port /usr/lib/python2.7/site-packages/neutron/plugins/ml2/drivers/mech_agent.py:73
2016-01-29 15:38:44.633 1195 DEBUG neutron.scheduler.l3_agent_scheduler [req-f6fcf07f-8a4b-4984-88a1-b289e97c9e33 ] Router 8aa46528-5442-464a-9dbb-e60a461f94db has already been hosted by L3 agent 0a32e42a-cdad-439d-9759-2b5bb4dcf37d filter_unscheduled_routers /usr/lib/python2.7/site-packages/neutron/scheduler/l3_agent_scheduler.py:73
2016-01-29 15:38:44.638 1195 DEBUG neutron.plugins.ml2.managers [req-e817bfba-3abf-4112-9f87-d8ce9b321b8a ] Bound port: afcd9f8f-68e3-4b9e-8d83-3a20a2cee051, host: osp7_networker3_1447326248174_60251, vif_type: ovs, vif_details: {"port_filter": true, "ovs_hybrid_plug": true}, binding_levels: [{'bound_driver': 'openvswitch', 'bound_segment': {'segmentation_id': 68L, 'physical_network': None, 'id': u'923c9e89-c264-422d-95ef-c486c5f24f81', 'network_type': u'vxlan'}}] _bind_port_level /usr/lib/python2.7/site-packages/neutron/plugins/ml2/managers.py:671
2016-01-29 15:38:44.638 1195 DEBUG oslo_concurrency.lockutils [req-e817bfba-3abf-4112-9f87-d8ce9b321b8a ] Acquired semaphore "db-access" lock /usr/lib/python2.7/site-packages/oslo_concurrency/lockutils.py:391
2016-01-29 15:38:44.644 1195 DEBUG neutron.plugins.ml2.db [req-e817bfba-3abf-4112-9f87-d8ce9b321b8a ] For port afcd9f8f-68e3-4b9e-8d83-3a20a2cee051, host osp7_networker3_1447326248174_60251, cleared binding levels clear_binding_levels /usr/lib/python2.7/site-packages/neutron/plugins/ml2/db.py:189
2016-01-29 15:38:44.644 1195 DEBUG neutron.plugins.ml2.db [req-e817bfba-3abf-4112-9f87-d8ce9b321b8a ] For port afcd9f8f-68e3-4b9e-8d83-3a20a2cee051, host osp7_networker3_1447326248174_60251, set binding levels [<neutron.plugins.ml2.models.PortBindingLevel[object at 3dc1890] {port_id=u'afcd9f8f-68e3-4b9e-8d83-3a20a2cee051', host=u'osp7_networker3_1447326248174_60251', level=0, driver='openvswitch', segment_id=u'923c9e89-c264-422d-95ef-c486c5f24f81'}>] set_binding_levels /usr/lib/python2.7/site-packages/neutron/plugins/ml2/db.py:162
2016-01-29 15:38:44.653 1195 DEBUG oslo_concurrency.lockutils [req-e817bfba-3abf-4112-9f87-d8ce9b321b8a ] Releasing semaphore "db-access" lock /usr/lib/python2.7/site-packages/oslo_concurrency/lockutils.py:404
2016-01-29 15:38:44.660 1195 DEBUG oslo_messaging._drivers.amqp [req-e817bfba-3abf-4112-9f87-d8ce9b321b8a ] UNIQUE_ID is 872c476b808b4507bd297b545e6fad2d. _add_unique_id /usr/lib/python2.7/site-packages/oslo_messaging/_drivers/amqp.py:258
2016-01-29 15:38:44.700 1195 DEBUG neutron.db.l3_dvr_db [req-f6fcf07f-8a4b-4984-88a1-b289e97c9e33 ] No snat is bound to router 8aa46528-5442-464a-9dbb-e60a461f94db _build_routers_list /usr/lib/python2.7/site-packages/neutron/db/l3_dvr_db.py:391
2016-01-29 15:38:44.717 1195 DEBUG oslo_concurrency.lockutils [req-f45d2323-3110-4646-9762-5b98dc281ed5 ] Acquired semaphore "db-access" lock /usr/lib/python2.7/site-packages/oslo_concurrency/lockutils.py:391
2016-01-29 15:38:44.771 1208 INFO neutron.wsgi [-] (1208) accepted ('10.211.55.142', 55094)
2016-01-29 15:38:44.772 1208 DEBUG keystoneclient.session [-] REQ: curl -g -i -X GET http://10.211.55.142:35357/v3/auth/tokens -H "X-Subject-Token: {SHA1}065c050b697f04f2a5894ff45001fcd5a64137cc" -H "User-Agent: python-keystoneclient" -H "Accept: application/json" -H "X-Auth-Token: {SHA1}e364f4c5be04154b99a3596283e9eb38dfc20d1a" _http_log_request /usr/lib/python2.7/site-packages/keystoneclient/session.py:195
2016-01-29 15:38:44.815 1195 DEBUG oslo_concurrency.lockutils [req-f45d2323-3110-4646-9762-5b98dc281ed5 ] Releasing semaphore "db-access" lock /usr/lib/python2.7/site-packages/oslo_concurrency/lockutils.py:404
2016-01-29 15:38:44.815 1195 INFO neutron.callbacks.manager [req-f45d2323-3110-4646-9762-5b98dc281ed5 ] Notify callbacks for port, after_update
2016-01-29 15:38:44.815 1195 INFO neutron.callbacks.manager [req-f45d2323-3110-4646-9762-5b98dc281ed5 ] Calling callback neutron.db.l3_dvrscheduler_db._notify_l3_agent_port_update
2016-01-29 15:38:44.815 1195 DEBUG neutron.db.l3_dvrscheduler_db [req-f45d2323-3110-4646-9762-5b98dc281ed5 ] Received port after_update _notify_l3_agent_new_port /usr/lib/python2.7/site-packages/neutron/db/l3_dvrscheduler_db.py:339
2016-01-29 15:38:44.818 1195 DEBUG neutron.db.l3_dvr_db [req-f6fcf07f-8a4b-4984-88a1-b289e97c9e33 ] Return the SNAT ports: [] get_snat_sync_interfaces /usr/lib/python2.7/site-packages/neutron/db/l3_dvr_db.py:364
2016-01-29 15:38:44.818 1195 DEBUG neutron.db.l3_dvr_db [req-f6fcf07f-8a4b-4984-88a1-b289e97c9e33 ] SNAT ports returned: []  _process_routers /usr/lib/python2.7/site-packages/neutron/db/l3_dvr_db.py:406
2016-01-29 15:38:44.818 1195 DEBUG neutron.db.l3_dvr_db [req-f6fcf07f-8a4b-4984-88a1-b289e97c9e33 ] FIP Agent : 0a32e42a-cdad-439d-9759-2b5bb4dcf37d  _process_floating_ips_dvr /usr/lib/python2.7/site-packages/neutron/db/l3_dvr_db.py:413
2016-01-29 15:38:44.820 1208 DEBUG keystoneclient.session [-] RESP: [200] content-length: 5876 x-subject-token: {SHA1}065c050b697f04f2a5894ff45001fcd5a64137cc vary: X-Auth-Token server: Apache/2.4.6 (Red Hat Enterprise Linux) connection: close date: Fri, 29 Jan 2016 14:38:44 GMT content-type: application/json x-openstack-request-id: req-f47e8ff5-d879-43be-bfd5-46e9e6812016 
RESP BODY: {"token": {"methods": ["password", "token"], "roles": [{"id": "2c132bfed20348cdb799338c7b63fab1", "name": "admin"}], "expires_at": "2016-01-29T15:38:44.000000Z", "project": {"domain": {"id": "default", "name": "Default"}, "id": "0c7fe42d8b9f4f7ebcf4cd563078dcb4", "name": "admin"}, "catalog": "<removed>", "extras": {}, "user": {"domain": {"id": "default", "name": "Default"}, "id": "dd3c83640b8542ffa5c781f6b9ca131c", "name": "admin"}, "audit_ids": ["608kuEjDQIuMpE2n-aFDdg"], "issued_at": "2016-01-29T14:38:44.760562"}}
 _http_log_response /usr/lib/python2.7/site-packages/keystoneclient/session.py:224
2016-01-29 15:38:44.822 1195 DEBUG neutron.plugins.ml2.managers [req-f45d2323-3110-4646-9762-5b98dc281ed5 ] Attempting to bind port 12e68352-b351-4bab-9fc9-e156a2579b2f on host osp7_networker2_1447326248297_70074 for vnic_type normal with profile  bind_port /usr/lib/python2.7/site-packages/neutron/plugins/ml2/managers.py:611
2016-01-29 15:38:44.822 1195 DEBUG neutron.plugins.ml2.managers [req-f45d2323-3110-4646-9762-5b98dc281ed5 ] Attempting to bind port 12e68352-b351-4bab-9fc9-e156a2579b2f on host osp7_networker2_1447326248297_70074 at level 0 using segments [{'segmentation_id': 32L, 'physical_network': None, 'id': u'3e46b01c-6033-4566-8e26-73a71a1e9d36', 'network_type': u'vxlan'}] _bind_port_level /usr/lib/python2.7/site-packages/neutron/plugins/ml2/managers.py:628
2016-01-29 15:38:44.822 1195 DEBUG neutron.plugins.ml2.drivers.mech_agent [req-f45d2323-3110-4646-9762-5b98dc281ed5 ] Attempting to bind port 12e68352-b351-4bab-9fc9-e156a2579b2f on network f867f7a4-5cf4-47b3-bead-466c6174131d bind_port /usr/lib/python2.7/site-packages/neutron/plugins/ml2/drivers/mech_agent.py:60
2016-01-29 15:38:44.835 1195 DEBUG neutron.plugins.ml2.drivers.mech_agent [req-f45d2323-3110-4646-9762-5b98dc281ed5 ] Checking agent: {'binary': u'neutron-openvswitch-agent', 'description': None, 'admin_state_up': True, 'heartbeat_timestamp': datetime.datetime(2016, 1, 29, 14, 38, 39), 'alive': True, 'topic': u'N/A', 'host': u'osp7_networker2_1447326248297_70074', 'agent_type': u'Open vSwitch agent', 'created_at': datetime.datetime(2015, 11, 12, 11, 49, 46), 'started_at': datetime.datetime(2016, 1, 29, 14, 38, 30), 'id': u'699883ff-2233-4588-98af-ec62da21f882', 'configurations': {u'in_distributed_mode': False, u'arp_responder_enabled': False, u'tunneling_ip': u'192.168.44.12', u'devices': 1, u'l2_population': False, u'tunnel_types': [u'vxlan'], u'enable_distributed_routing': False, u'bridge_mappings': {}}} bind_port /usr/lib/python2.7/site-packages/neutron/plugins/ml2/drivers/mech_agent.py:68
2016-01-29 15:38:44.836 1195 DEBUG neutron.plugins.ml2.drivers.mech_agent [req-f45d2323-3110-4646-9762-5b98dc281ed5 ] Checking segment: {'segmentation_id': 32L, 'physical_network': None, 'id': u'3e46b01c-6033-4566-8e26-73a71a1e9d36', 'network_type': u'vxlan'} for mappings: {} with network types: [u'vxlan', 'local', 'flat', 'vlan'] check_segment_for_agent /usr/lib/python2.7/site-packages/neutron/plugins/ml2/drivers/mech_agent.py:182
2016-01-29 15:38:44.836 1195 DEBUG neutron.plugins.ml2.drivers.mech_agent [req-f45d2323-3110-4646-9762-5b98dc281ed5 ] Bound using segment: {'segmentation_id': 32L, 'physical_network': None, 'id': u'3e46b01c-6033-4566-8e26-73a71a1e9d36', 'network_type': u'vxlan'} bind_port /usr/lib/python2.7/site-packages/neutron/plugins/ml2/drivers/mech_agent.py:73
2016-01-29 15:38:44.838 1212 DEBUG oslo_messaging._drivers.amqp [-] unpacked context: {u'read_deleted': u'no', u'project_name': None, u'user_id': None, u'roles': [u'admin'], u'tenant_id': None, u'auth_token': None, u'request_id': u'req-520ea668-0e6f-41a6-9bf9-4e0d69ad3215', u'is_admin': True, u'user': None, u'timestamp': u'2016-01-29 14:38:30.502919', u'tenant_name': None, u'project_id': None, u'user_name': None, u'tenant': None} unpack_context /usr/lib/python2.7/site-packages/oslo_messaging/_drivers/amqp.py:203
2016-01-29 15:38:44.839 1212 DEBUG neutron.plugins.ml2.db [req-520ea668-0e6f-41a6-9bf9-4e0d69ad3215 ] get_ports_and_sgs() called for port_ids [u'77efa465-4872-4980-b4bf-b1f40d68608d'] get_ports_and_sgs /usr/lib/python2.7/site-packages/neutron/plugins/ml2/db.py:265
2016-01-29 15:38:44.841 1208 INFO neutron.wsgi [req-f60c0d6e-8edc-404e-9175-dd9e64d3b95d ] 10.211.55.142 - - [29/Jan/2016 15:38:44] "GET /v2.0/networks.json?user_data=instance-ping.sh HTTP/1.1" 200 1670 0.069434
2016-01-29 15:38:44.846 1195 DEBUG neutron.plugins.ml2.managers [req-f45d2323-3110-4646-9762-5b98dc281ed5 ] Bound port: 12e68352-b351-4bab-9fc9-e156a2579b2f, host: osp7_networker2_1447326248297_70074, vif_type: ovs, vif_details: {"port_filter": true, "ovs_hybrid_plug": true}, binding_levels: [{'bound_driver': 'openvswitch', 'bound_segment': {'segmentation_id': 32L, 'physical_network': None, 'id': u'3e46b01c-6033-4566-8e26-73a71a1e9d36', 'network_type': u'vxlan'}}] _bind_port_level /usr/lib/python2.7/site-packages/neutron/plugins/ml2/managers.py:671
2016-01-29 15:38:44.846 1195 DEBUG oslo_concurrency.lockutils [req-f45d2323-3110-4646-9762-5b98dc281ed5 ] Acquired semaphore "db-access" lock /usr/lib/python2.7/site-packages/oslo_concurrency/lockutils.py:391
2016-01-29 15:38:44.852 1208 INFO neutron.wsgi [req-47a53e2a-7916-4fb6-ad2a-4a5e0d4640cb ] 10.211.55.142 - - [29/Jan/2016 15:38:44] "GET /v2.0/subnets.json?fields=id&fields=cidr&id=42a42a33-9282-46b5-b5cc-e5c1fc754034&id=fc318ad2-3490-47a1-944a-c48dc7dea047&id=41f6b26a-2203-4fd7-8694-decaacbbc56d&id=1fa7bdbe-c92b-4a14-8338-a7a0ab7cad43 HTTP/1.1" 200 520 0.008365
2016-01-29 15:38:44.853 1195 DEBUG neutron.plugins.ml2.db [req-f45d2323-3110-4646-9762-5b98dc281ed5 ] For port 12e68352-b351-4bab-9fc9-e156a2579b2f, host osp7_networker2_1447326248297_70074, cleared binding levels clear_binding_levels /usr/lib/python2.7/site-packages/neutron/plugins/ml2/db.py:189
2016-01-29 15:38:44.854 1195 DEBUG neutron.plugins.ml2.db [req-f45d2323-3110-4646-9762-5b98dc281ed5 ] For port 12e68352-b351-4bab-9fc9-e156a2579b2f, host osp7_networker2_1447326248297_70074, set binding levels [<neutron.plugins.ml2.models.PortBindingLevel[object at 43ea1d0] {port_id=u'12e68352-b351-4bab-9fc9-e156a2579b2f', host=u'osp7_networker2_1447326248297_70074', level=0, driver='openvswitch', segment_id=u'3e46b01c-6033-4566-8e26-73a71a1e9d36'}>] set_binding_levels /usr/lib/python2.7/site-packages/neutron/plugins/ml2/db.py:162
2016-01-29 15:38:44.854 1212 DEBUG oslo_messaging._drivers.amqp [req-520ea668-0e6f-41a6-9bf9-4e0d69ad3215 ] UNIQUE_ID is 90f7ea68208341399e6afa67691674cf. _add_unique_id /usr/lib/python2.7/site-packages/oslo_messaging/_drivers/amqp.py:258
2016-01-29 15:38:44.855 1212 DEBUG oslo_messaging._drivers.amqp [req-520ea668-0e6f-41a6-9bf9-4e0d69ad3215 ] UNIQUE_ID is 381d66f5d22942629bfcdf7a00bf8152. _add_unique_id /usr/lib/python2.7/site-packages/oslo_messaging/_drivers/amqp.py:258
2016-01-29 15:38:44.859 1195 DEBUG neutron.api.rpc.handlers.l3_rpc [req-f6fcf07f-8a4b-4984-88a1-b289e97c9e33 ] Checking router: 8aa46528-5442-464a-9dbb-e60a461f94db for host: osp7_controller1_1447326246805_93065 _ensure_host_set_on_ports /usr/lib/python2.7/site-packages/neutron/api/rpc/handlers/l3_rpc.py:95
2016-01-29 15:38:44.862 1195 DEBUG oslo_concurrency.lockutils [req-f45d2323-3110-4646-9762-5b98dc281ed5 ] Releasing semaphore "db-access" lock /usr/lib/python2.7/site-packages/oslo_concurrency/lockutils.py:404
2016-01-29 15:38:44.871 1195 DEBUG oslo_messaging._drivers.amqp [req-f45d2323-3110-4646-9762-5b98dc281ed5 ] UNIQUE_ID is d1fc3b46f8d340edb8e35bf186eeb18b. _add_unique_id /usr/lib/python2.7/site-packages/oslo_messaging/_drivers/amqp.py:258
2016-01-29 15:38:44.879 1195 DEBUG oslo_concurrency.lockutils [req-e817bfba-3abf-4112-9f87-d8ce9b321b8a ] Acquired semaphore "db-access" lock /usr/lib/python2.7/site-packages/oslo_concurrency/lockutils.py:391
2016-01-29 15:38:44.882 1215 DEBUG oslo_messaging._drivers.amqp [-] unpacked context: {u'read_deleted': u'no', u'project_name': None, u'user_id': None, u'roles': [u'admin'], u'tenant_id': None, u'auth_token': None, u'request_id': u'req-520ea668-0e6f-41a6-9bf9-4e0d69ad3215', u'is_admin': True, u'user': None, u'timestamp': u'2016-01-29 14:38:30.502919', u'tenant_name': None, u'project_id': None, u'user_name': None, u'tenant': None} unpack_context /usr/lib/python2.7/site-packages/oslo_messaging/_drivers/amqp.py:203
2016-01-29 15:38:44.883 1215 DEBUG neutron.plugins.ml2.rpc [req-520ea668-0e6f-41a6-9bf9-4e0d69ad3215 ] Device 77efa465-4872-4980-b4bf-b1f40d68608d details requested by agent ovs-agent-osp7_controller1_1447326246805_93065 with host osp7_controller1_1447326246805_93065 get_device_details /usr/lib/python2.7/site-packages/neutron/plugins/ml2/rpc.py:67
2016-01-29 15:38:44.900 1215 DEBUG neutron.plugins.ml2.db [req-520ea668-0e6f-41a6-9bf9-4e0d69ad3215 ] For port 77efa465-4872-4980-b4bf-b1f40d68608d, host osp7_controller1_1447326246805_93065, got binding levels [<neutron.plugins.ml2.models.PortBindingLevel[object at 408a690] {port_id=u'77efa465-4872-4980-b4bf-b1f40d68608d', host=u'osp7_controller1_1447326246805_93065', level=0L, driver=u'openvswitch', segment_id=u'39337b8c-3a26-44d3-a16d-0855153df3d8'}>] get_binding_levels /usr/lib/python2.7/site-packages/neutron/plugins/ml2/db.py:177
2016-01-29 15:38:44.903 1215 DEBUG oslo_concurrency.lockutils [req-520ea668-0e6f-41a6-9bf9-4e0d69ad3215 ] Acquired semaphore "db-access" lock /usr/lib/python2.7/site-packages/oslo_concurrency/lockutils.py:391
2016-01-29 15:38:44.908 1195 DEBUG neutron.plugins.ml2.db [req-e817bfba-3abf-4112-9f87-d8ce9b321b8a ] For port 12e68352-b351-4bab-9fc9-e156a2579b2f, host osp7_networker2_1447326248297_70074, got binding levels [<neutron.plugins.ml2.models.PortBindingLevel[object at 3db9750] {port_id=u'12e68352-b351-4bab-9fc9-e156a2579b2f', host=u'osp7_networker2_1447326248297_70074', level=0L, driver=u'openvswitch', segment_id=u'3e46b01c-6033-4566-8e26-73a71a1e9d36'}>] get_binding_levels /usr/lib/python2.7/site-packages/neutron/plugins/ml2/db.py:177
2016-01-29 15:38:44.911 1195 DEBUG neutron.plugins.ml2.db [req-e817bfba-3abf-4112-9f87-d8ce9b321b8a ] For port 12e68352-b351-4bab-9fc9-e156a2579b2f, host osp7_networker2_1447326248297_70074, cleared binding levels clear_binding_levels /usr/lib/python2.7/site-packages/neutron/plugins/ml2/db.py:189
2016-01-29 15:38:44.922 1215 DEBUG neutron.plugins.ml2.db [req-520ea668-0e6f-41a6-9bf9-4e0d69ad3215 ] For port 77efa465-4872-4980-b4bf-b1f40d68608d, host osp7_controller1_1447326246805_93065, got binding levels [<neutron.plugins.ml2.models.PortBindingLevel[object at 408a690] {port_id=u'77efa465-4872-4980-b4bf-b1f40d68608d', host=u'osp7_controller1_1447326246805_93065', level=0L, driver=u'openvswitch', segment_id=u'39337b8c-3a26-44d3-a16d-0855153df3d8'}>] get_binding_levels /usr/lib/python2.7/site-packages/neutron/plugins/ml2/db.py:177
2016-01-29 15:38:44.925 1215 DEBUG oslo_concurrency.lockutils [req-520ea668-0e6f-41a6-9bf9-4e0d69ad3215 ] Releasing semaphore "db-access" lock /usr/lib/python2.7/site-packages/oslo_concurrency/lockutils.py:404
2016-01-29 15:38:44.925 1215 DEBUG neutron.plugins.ml2.rpc [req-520ea668-0e6f-41a6-9bf9-4e0d69ad3215 ] Returning: {'profile': {}, 'allowed_address_pairs': [], 'segmentation_id': 81L, 'device_owner': u'network:router_ha_interface', 'device': u'77efa465-4872-4980-b4bf-b1f40d68608d', 'port_security_enabled': True, 'fixed_ips': [{'subnet_id': u'42a42a33-9282-46b5-b5cc-e5c1fc754034', 'ip_address': u'169.254.192.159'}], 'admin_state_up': True, 'network_id': u'c4936021-f5f4-4eac-b19c-b48bdfde037b', 'port_id': u'77efa465-4872-4980-b4bf-b1f40d68608d', 'physical_network': None, 'mac_address': u'fa:16:3e:9d:0f:de', 'network_type': u'vxlan'} get_device_details /usr/lib/python2.7/site-packages/neutron/plugins/ml2/rpc.py:121
2016-01-29 15:38:44.925 1215 DEBUG oslo_messaging._drivers.amqp [req-520ea668-0e6f-41a6-9bf9-4e0d69ad3215 ] UNIQUE_ID is 05d012fab0db4351b1a44349ce261485. _add_unique_id /usr/lib/python2.7/site-packages/oslo_messaging/_drivers/amqp.py:258
2016-01-29 15:38:44.927 1215 DEBUG oslo_messaging._drivers.amqp [req-520ea668-0e6f-41a6-9bf9-4e0d69ad3215 ] UNIQUE_ID is e6fedce181074228bdd547912735865a. _add_unique_id /usr/lib/python2.7/site-packages/oslo_messaging/_drivers/amqp.py:258
2016-01-29 15:38:44.937 1195 DEBUG oslo_concurrency.lockutils [req-e817bfba-3abf-4112-9f87-d8ce9b321b8a ] Releasing semaphore "db-access" lock /usr/lib/python2.7/site-packages/oslo_concurrency/lockutils.py:404
2016-01-29 15:38:44.937 1195 INFO neutron.callbacks.manager [req-e817bfba-3abf-4112-9f87-d8ce9b321b8a ] Notify callbacks for port, after_update
2016-01-29 15:38:44.938 1195 INFO neutron.callbacks.manager [req-e817bfba-3abf-4112-9f87-d8ce9b321b8a ] Calling callback neutron.db.l3_dvrscheduler_db._notify_l3_agent_port_update
2016-01-29 15:38:44.938 1195 DEBUG neutron.db.l3_dvrscheduler_db [req-e817bfba-3abf-4112-9f87-d8ce9b321b8a ] Received port after_update _notify_l3_agent_new_port /usr/lib/python2.7/site-packages/neutron/db/l3_dvrscheduler_db.py:339
2016-01-29 15:38:44.941 1195 DEBUG oslo_concurrency.lockutils [req-f6fcf07f-8a4b-4984-88a1-b289e97c9e33 ] Acquired semaphore "db-access" lock /usr/lib/python2.7/site-packages/oslo_concurrency/lockutils.py:391
2016-01-29 15:38:44.971 1195 DEBUG neutron.plugins.ml2.db [req-f6fcf07f-8a4b-4984-88a1-b289e97c9e33 ] For port 12e68352-b351-4bab-9fc9-e156a2579b2f, host osp7_networker3_1447326248174_60251, got binding levels [] get_binding_levels /usr/lib/python2.7/site-packages/neutron/plugins/ml2/db.py:177
2016-01-29 15:38:44.974 1195 DEBUG neutron.plugins.ml2.db [req-f6fcf07f-8a4b-4984-88a1-b289e97c9e33 ] For port 12e68352-b351-4bab-9fc9-e156a2579b2f, host osp7_networker3_1447326248174_60251, cleared binding levels clear_binding_levels /usr/lib/python2.7/site-packages/neutron/plugins/ml2/db.py:189
2016-01-29 15:38:44.978 1195 DEBUG neutron.plugins.ml2.managers [req-e817bfba-3abf-4112-9f87-d8ce9b321b8a ] Attempting to bind port 12e68352-b351-4bab-9fc9-e156a2579b2f on host osp7_networker3_1447326248174_60251 for vnic_type normal with profile  bind_port /usr/lib/python2.7/site-packages/neutron/plugins/ml2/managers.py:611
2016-01-29 15:38:44.979 1195 DEBUG neutron.plugins.ml2.managers [req-e817bfba-3abf-4112-9f87-d8ce9b321b8a ] Attempting to bind port 12e68352-b351-4bab-9fc9-e156a2579b2f on host osp7_networker3_1447326248174_60251 at level 0 using segments [{'segmentation_id': 32L, 'physical_network': None, 'id': u'3e46b01c-6033-4566-8e26-73a71a1e9d36', 'network_type': u'vxlan'}] _bind_port_level /usr/lib/python2.7/site-packages/neutron/plugins/ml2/managers.py:628
2016-01-29 15:38:44.979 1195 DEBUG neutron.plugins.ml2.drivers.mech_agent [req-e817bfba-3abf-4112-9f87-d8ce9b321b8a ] Attempting to bind port 12e68352-b351-4bab-9fc9-e156a2579b2f on network f867f7a4-5cf4-47b3-bead-466c6174131d bind_port /usr/lib/python2.7/site-packages/neutron/plugins/ml2/drivers/mech_agent.py:60
2016-01-29 15:38:44.981 1195 DEBUG oslo_concurrency.lockutils [req-f6fcf07f-8a4b-4984-88a1-b289e97c9e33 ] Releasing semaphore "db-access" lock /usr/lib/python2.7/site-packages/oslo_concurrency/lockutils.py:404
2016-01-29 15:38:44.981 1195 INFO neutron.callbacks.manager [req-f6fcf07f-8a4b-4984-88a1-b289e97c9e33 ] Notify callbacks for port, after_update
2016-01-29 15:38:44.981 1195 INFO neutron.callbacks.manager [req-f6fcf07f-8a4b-4984-88a1-b289e97c9e33 ] Calling callback neutron.db.l3_dvrscheduler_db._notify_l3_agent_port_update
2016-01-29 15:38:44.982 1195 DEBUG neutron.db.l3_dvrscheduler_db [req-f6fcf07f-8a4b-4984-88a1-b289e97c9e33 ] Received port after_update _notify_l3_agent_new_port /usr/lib/python2.7/site-packages/neutron/db/l3_dvrscheduler_db.py:339
2016-01-29 15:38:44.986 1195 DEBUG neutron.plugins.ml2.drivers.mech_agent [req-e817bfba-3abf-4112-9f87-d8ce9b321b8a ] Checking agent: {'binary': u'neutron-openvswitch-agent', 'description': None, 'admin_state_up': True, 'heartbeat_timestamp': datetime.datetime(2016, 1, 29, 14, 38, 39), 'alive': True, 'topic': u'N/A', 'host': u'osp7_networker3_1447326248174_60251', 'agent_type': u'Open vSwitch agent', 'created_at': datetime.datetime(2015, 11, 12, 11, 49, 55), 'started_at': datetime.datetime(2016, 1, 29, 14, 38, 30), 'id': u'05f7b8df-44b8-4b7d-94f0-e45d957f7e1e', 'configurations': {u'in_distributed_mode': False, u'arp_responder_enabled': False, u'tunneling_ip': u'192.168.44.13', u'devices': 1, u'l2_population': False, u'tunnel_types': [u'vxlan'], u'enable_distributed_routing': False, u'bridge_mappings': {}}} bind_port /usr/lib/python2.7/site-packages/neutron/plugins/ml2/drivers/mech_agent.py:68
2016-01-29 15:38:44.986 1195 DEBUG neutron.plugins.ml2.drivers.mech_agent [req-e817bfba-3abf-4112-9f87-d8ce9b321b8a ] Checking segment: {'segmentation_id': 32L, 'physical_network': None, 'id': u'3e46b01c-6033-4566-8e26-73a71a1e9d36', 'network_type': u'vxlan'} for mappings: {} with network types: [u'vxlan', 'local', 'flat', 'vlan'] check_segment_for_agent /usr/lib/python2.7/site-packages/neutron/plugins/ml2/drivers/mech_agent.py:182
2016-01-29 15:38:44.986 1195 DEBUG neutron.plugins.ml2.drivers.mech_agent [req-e817bfba-3abf-4112-9f87-d8ce9b321b8a ] Bound using segment: {'segmentation_id': 32L, 'physical_network': None, 'id': u'3e46b01c-6033-4566-8e26-73a71a1e9d36', 'network_type': u'vxlan'} bind_port /usr/lib/python2.7/site-packages/neutron/plugins/ml2/drivers/mech_agent.py:73
2016-01-29 15:38:44.988 1210 DEBUG oslo_messaging._drivers.amqp [-] unpacked context: {u'read_deleted': u'no', u'project_name': None, u'user_id': None, u'roles': [u'admin'], u'tenant_id': None, u'auth_token': None, u'request_id': u'req-520ea668-0e6f-41a6-9bf9-4e0d69ad3215', u'is_admin': True, u'user': None, u'timestamp': u'2016-01-29 14:38:30.502919', u'tenant_name': None, u'project_id': None, u'user_name': None, u'tenant': None} unpack_context /usr/lib/python2.7/site-packages/oslo_messaging/_drivers/amqp.py:203
2016-01-29 15:38:44.989 1210 DEBUG neutron.plugins.ml2.rpc [req-520ea668-0e6f-41a6-9bf9-4e0d69ad3215 ] Device 77efa465-4872-4980-b4bf-b1f40d68608d up at agent ovs-agent-osp7_controller1_1447326246805_93065 update_device_up /usr/lib/python2.7/site-packages/neutron/plugins/ml2/rpc.py:174
2016-01-29 15:38:44.989 1195 DEBUG neutron.api.rpc.handlers.l3_rpc [req-f45d2323-3110-4646-9762-5b98dc281ed5 ] Routers returned to l3 agent:
 [
     {
          "status": "ACTIVE", 
          "_interfaces": [
               {
                    "status": "DOWN", 
                    "subnets": [
                         {
                              "ipv6_ra_mode": null, 
                              "cidr": "10.0.0.0/24", 
                              "gateway_ip": "10.0.0.1", 
                              "id": "41f6b26a-2203-4fd7-8694-decaacbbc56d"
                         }
                    ], 
                    "binding:host_id": "", 
                    "allowed_address_pairs": [], 
                    "extra_dhcp_opts": [], 
                    "device_owner": "network:router_interface", 
                    "binding:profile": {}, 
                    "fixed_ips": [
                         {
                              "subnet_id": "41f6b26a-2203-4fd7-8694-decaacbbc56d", 
                              "prefixlen": 24, 
                              "ip_address": "10.0.0.1"
                         }
                    ], 
                    "id": "12e68352-b351-4bab-9fc9-e156a2579b2f", 
                    "security_groups": [], 
                    "device_id": "8aa46528-5442-464a-9dbb-e60a461f94db", 
                    "name": "", 
                    "admin_state_up": true, 
                    "network_id": "f867f7a4-5cf4-47b3-bead-466c6174131d", 
                    "tenant_id": "0c7fe42d8b9f4f7ebcf4cd563078dcb4", 
                    "binding:vif_details": {}, 
                    "binding:vnic_type": "normal", 
                    "binding:vif_type": "unbound", 
                    "mac_address": "fa:16:3e:64:80:82", 
                    "extra_subnets": []
               }
          ], 
          "enable_snat": true, 
          "ha_vr_id": 1, 
          "_ha_state": "standby", 
          "gw_port": {
               "status": "DOWN", 
               "subnets": [
                    {
                         "ipv6_ra_mode": null, 
                         "cidr": "172.24.4.224/28", 
                         "gateway_ip": "172.24.4.225", 
                         "id": "1fa7bdbe-c92b-4a14-8338-a7a0ab7cad43"
                    }
               ], 
               "binding:host_id": "", 
               "allowed_address_pairs": [], 
               "extra_dhcp_opts": [], 
               "device_owner": "network:router_gateway", 
               "binding:profile": {}, 
               "fixed_ips": [
                    {
                         "subnet_id": "1fa7bdbe-c92b-4a14-8338-a7a0ab7cad43", 
                         "prefixlen": 28, 
                         "ip_address": "172.24.4.236"
                    }
               ], 
               "id": "afcd9f8f-68e3-4b9e-8d83-3a20a2cee051", 
               "security_groups": [], 
               "device_id": "8aa46528-5442-464a-9dbb-e60a461f94db", 
               "name": "", 
               "admin_state_up": true, 
               "network_id": "5c2113dc-ce66-43f9-b83b-d2f1706ba8a2", 
               "tenant_id": "", 
               "binding:vif_details": {}, 
               "binding:vnic_type": "normal", 
               "binding:vif_type": "unbound", 
               "mac_address": "fa:16:3e:51:9d:c2", 
               "extra_subnets": []
          }, 
          "ha": true, 
          "id": "8aa46528-5442-464a-9dbb-e60a461f94db", 
          "gw_port_host": null, 
          "external_gateway_info": {
               "network_id": "5c2113dc-ce66-43f9-b83b-d2f1706ba8a2", 
               "enable_snat": true, 
               "external_fixed_ips": [
                    {
                         "subnet_id": "1fa7bdbe-c92b-4a14-8338-a7a0ab7cad43", 
                         "ip_address": "172.24.4.236"
                    }
               ]
          }, 
          "name": "router-net-a", 
          "gw_port_id": "afcd9f8f-68e3-4b9e-8d83-3a20a2cee051", 
          "admin_state_up": true, 
          "tenant_id": "0c7fe42d8b9f4f7ebcf4cd563078dcb4", 
          "distributed": false, 
          "_snat_router_interfaces": [], 
          "_ha_interface": {
               "status": "ACTIVE", 
               "subnets": [
                    {
                         "ipv6_ra_mode": null, 
                         "cidr": "169.254.192.0/18", 
                         "gateway_ip": null, 
                         "id": "42a42a33-9282-46b5-b5cc-e5c1fc754034"
                    }
               ], 
               "binding:host_id": "osp7_networker2_1447326248297_70074", 
               "allowed_address_pairs": [], 
               "extra_dhcp_opts": [], 
               "device_owner": "network:router_ha_interface", 
               "binding:profile": {}, 
               "fixed_ips": [
                    {
                         "subnet_id": "42a42a33-9282-46b5-b5cc-e5c1fc754034", 
                         "prefixlen": 18, 
                         "ip_address": "169.254.192.160"
                    }
               ], 
               "id": "3aebae34-750a-4118-98ce-8d1d1daebd06", 
               "security_groups": [], 
               "device_id": "8aa46528-5442-464a-9dbb-e60a461f94db", 
               "name": "HA port tenant 0c7fe42d8b9f4f7ebcf4cd563078dcb4", 
               "admin_state_up": true, 
               "network_id": "c4936021-f5f4-4eac-b19c-b48bdfde037b", 
               "tenant_id": "", 
               "binding:vif_details": {
                    "port_filter": true, 
                    "ovs_hybrid_plug": true
               }, 
               "binding:vnic_type": "normal", 
               "binding:vif_type": "ovs", 
               "mac_address": "fa:16:3e:c3:cb:d7", 
               "extra_subnets": []
          }, 
          "routes": []
     }
] sync_routers /usr/lib/python2.7/site-packages/neutron/api/rpc/handlers/l3_rpc.py:89
2016-01-29 15:38:44.989 1195 DEBUG oslo_messaging._drivers.amqp [req-f45d2323-3110-4646-9762-5b98dc281ed5 ] UNIQUE_ID is 01aaaa20a86b4b36bf71fa6e2f814227. _add_unique_id /usr/lib/python2.7/site-packages/oslo_messaging/_drivers/amqp.py:258
2016-01-29 15:38:44.990 1195 DEBUG neutron.plugins.ml2.managers [req-f6fcf07f-8a4b-4984-88a1-b289e97c9e33 ] Attempting to bind port 12e68352-b351-4bab-9fc9-e156a2579b2f on host osp7_controller1_1447326246805_93065 for vnic_type normal with profile  bind_port /usr/lib/python2.7/site-packages/neutron/plugins/ml2/managers.py:611
2016-01-29 15:38:44.990 1195 DEBUG neutron.plugins.ml2.managers [req-f6fcf07f-8a4b-4984-88a1-b289e97c9e33 ] Attempting to bind port 12e68352-b351-4bab-9fc9-e156a2579b2f on host osp7_controller1_1447326246805_93065 at level 0 using segments [{'segmentation_id': 32L, 'physical_network': None, 'id': u'3e46b01c-6033-4566-8e26-73a71a1e9d36', 'network_type': u'vxlan'}] _bind_port_level /usr/lib/python2.7/site-packages/neutron/plugins/ml2/managers.py:628
2016-01-29 15:38:44.990 1195 DEBUG neutron.plugins.ml2.drivers.mech_agent [req-f6fcf07f-8a4b-4984-88a1-b289e97c9e33 ] Attempting to bind port 12e68352-b351-4bab-9fc9-e156a2579b2f on network f867f7a4-5cf4-47b3-bead-466c6174131d bind_port /usr/lib/python2.7/site-packages/neutron/plugins/ml2/drivers/mech_agent.py:60
2016-01-29 15:38:44.993 1195 DEBUG neutron.plugins.ml2.managers [req-e817bfba-3abf-4112-9f87-d8ce9b321b8a ] Bound port: 12e68352-b351-4bab-9fc9-e156a2579b2f, host: osp7_networker3_1447326248174_60251, vif_type: ovs, vif_details: {"port_filter": true, "ovs_hybrid_plug": true}, binding_levels: [{'bound_driver': 'openvswitch', 'bound_segment': {'segmentation_id': 32L, 'physical_network': None, 'id': u'3e46b01c-6033-4566-8e26-73a71a1e9d36', 'network_type': u'vxlan'}}] _bind_port_level /usr/lib/python2.7/site-packages/neutron/plugins/ml2/managers.py:671
2016-01-29 15:38:44.993 1195 DEBUG oslo_concurrency.lockutils [req-e817bfba-3abf-4112-9f87-d8ce9b321b8a ] Acquired semaphore "db-access" lock /usr/lib/python2.7/site-packages/oslo_concurrency/lockutils.py:391
2016-01-29 15:38:44.996 1210 DEBUG oslo_concurrency.lockutils [req-520ea668-0e6f-41a6-9bf9-4e0d69ad3215 ] Acquired semaphore "db-access" lock /usr/lib/python2.7/site-packages/oslo_concurrency/lockutils.py:391
2016-01-29 15:38:45.000 1195 DEBUG neutron.plugins.ml2.db [req-e817bfba-3abf-4112-9f87-d8ce9b321b8a ] For port 12e68352-b351-4bab-9fc9-e156a2579b2f, host osp7_networker3_1447326248174_60251, cleared binding levels clear_binding_levels /usr/lib/python2.7/site-packages/neutron/plugins/ml2/db.py:189
2016-01-29 15:38:45.000 1195 DEBUG neutron.plugins.ml2.db [req-e817bfba-3abf-4112-9f87-d8ce9b321b8a ] For port 12e68352-b351-4bab-9fc9-e156a2579b2f, host osp7_networker3_1447326248174_60251, set binding levels [<neutron.plugins.ml2.models.PortBindingLevel[object at 4071050] {port_id=u'12e68352-b351-4bab-9fc9-e156a2579b2f', host=u'osp7_networker3_1447326248174_60251', level=0, driver='openvswitch', segment_id=u'3e46b01c-6033-4566-8e26-73a71a1e9d36'}>] set_binding_levels /usr/lib/python2.7/site-packages/neutron/plugins/ml2/db.py:162
2016-01-29 15:38:45.003 1195 DEBUG neutron.plugins.ml2.drivers.mech_agent [req-f6fcf07f-8a4b-4984-88a1-b289e97c9e33 ] Checking agent: {'binary': u'neutron-openvswitch-agent', 'description': None, 'admin_state_up': True, 'heartbeat_timestamp': datetime.datetime(2016, 1, 29, 14, 38, 40), 'alive': True, 'topic': u'N/A', 'host': u'osp7_controller1_1447326246805_93065', 'agent_type': u'Open vSwitch agent', 'created_at': datetime.datetime(2015, 11, 12, 11, 49, 47), 'started_at': datetime.datetime(2016, 1, 29, 14, 38, 35), 'id': u'e5002fac-f65d-4926-ab0e-7d884211406d', 'configurations': {u'in_distributed_mode': False, u'arp_responder_enabled': False, u'tunneling_ip': u'192.168.44.11', u'devices': 0, u'l2_population': False, u'tunnel_types': [u'vxlan'], u'enable_distributed_routing': False, u'bridge_mappings': {}}} bind_port /usr/lib/python2.7/site-packages/neutron/plugins/ml2/drivers/mech_agent.py:68
2016-01-29 15:38:45.003 1195 DEBUG neutron.plugins.ml2.drivers.mech_agent [req-f6fcf07f-8a4b-4984-88a1-b289e97c9e33 ] Checking segment: {'segmentation_id': 32L, 'physical_network': None, 'id': u'3e46b01c-6033-4566-8e26-73a71a1e9d36', 'network_type': u'vxlan'} for mappings: {} with network types: [u'vxlan', 'local', 'flat', 'vlan'] check_segment_for_agent /usr/lib/python2.7/site-packages/neutron/plugins/ml2/drivers/mech_agent.py:182
2016-01-29 15:38:45.003 1195 DEBUG neutron.plugins.ml2.drivers.mech_agent [req-f6fcf07f-8a4b-4984-88a1-b289e97c9e33 ] Bound using segment: {'segmentation_id': 32L, 'physical_network': None, 'id': u'3e46b01c-6033-4566-8e26-73a71a1e9d36', 'network_type': u'vxlan'} bind_port /usr/lib/python2.7/site-packages/neutron/plugins/ml2/drivers/mech_agent.py:73
2016-01-29 15:38:45.005 1195 DEBUG oslo_concurrency.lockutils [req-e817bfba-3abf-4112-9f87-d8ce9b321b8a ] Releasing semaphore "db-access" lock /usr/lib/python2.7/site-packages/oslo_concurrency/lockutils.py:404
2016-01-29 15:38:45.008 1195 DEBUG neutron.plugins.ml2.managers [req-f6fcf07f-8a4b-4984-88a1-b289e97c9e33 ] Bound port: 12e68352-b351-4bab-9fc9-e156a2579b2f, host: osp7_controller1_1447326246805_93065, vif_type: ovs, vif_details: {"port_filter": true, "ovs_hybrid_plug": true}, binding_levels: [{'bound_driver': 'openvswitch', 'bound_segment': {'segmentation_id': 32L, 'physical_network': None, 'id': u'3e46b01c-6033-4566-8e26-73a71a1e9d36', 'network_type': u'vxlan'}}] _bind_port_level /usr/lib/python2.7/site-packages/neutron/plugins/ml2/managers.py:671
2016-01-29 15:38:45.008 1195 DEBUG oslo_concurrency.lockutils [req-f6fcf07f-8a4b-4984-88a1-b289e97c9e33 ] Acquired semaphore "db-access" lock /usr/lib/python2.7/site-packages/oslo_concurrency/lockutils.py:391
2016-01-29 15:38:45.015 1210 DEBUG neutron.plugins.ml2.db [req-520ea668-0e6f-41a6-9bf9-4e0d69ad3215 ] For port 77efa465-4872-4980-b4bf-b1f40d68608d, host osp7_controller1_1447326246805_93065, got binding levels [<neutron.plugins.ml2.models.PortBindingLevel[object at 4073190] {port_id=u'77efa465-4872-4980-b4bf-b1f40d68608d', host=u'osp7_controller1_1447326246805_93065', level=0L, driver=u'openvswitch', segment_id=u'39337b8c-3a26-44d3-a16d-0855153df3d8'}>] get_binding_levels /usr/lib/python2.7/site-packages/neutron/plugins/ml2/db.py:177
2016-01-29 15:38:45.017 1210 DEBUG oslo_concurrency.lockutils [req-520ea668-0e6f-41a6-9bf9-4e0d69ad3215 ] Releasing semaphore "db-access" lock /usr/lib/python2.7/site-packages/oslo_concurrency/lockutils.py:404
2016-01-29 15:38:45.018 1195 DEBUG neutron.plugins.ml2.db [req-f6fcf07f-8a4b-4984-88a1-b289e97c9e33 ] For port 12e68352-b351-4bab-9fc9-e156a2579b2f, host osp7_controller1_1447326246805_93065, cleared binding levels clear_binding_levels /usr/lib/python2.7/site-packages/neutron/plugins/ml2/db.py:189
2016-01-29 15:38:45.018 1195 DEBUG neutron.plugins.ml2.db [req-f6fcf07f-8a4b-4984-88a1-b289e97c9e33 ] For port 12e68352-b351-4bab-9fc9-e156a2579b2f, host osp7_controller1_1447326246805_93065, set binding levels [<neutron.plugins.ml2.models.PortBindingLevel[object at 3f830d0] {port_id=u'12e68352-b351-4bab-9fc9-e156a2579b2f', host=u'osp7_controller1_1447326246805_93065', level=0, driver='openvswitch', segment_id=u'3e46b01c-6033-4566-8e26-73a71a1e9d36'}>] set_binding_levels /usr/lib/python2.7/site-packages/neutron/plugins/ml2/db.py:162
2016-01-29 15:38:45.020 1195 DEBUG oslo_messaging._drivers.amqp [req-e817bfba-3abf-4112-9f87-d8ce9b321b8a ] UNIQUE_ID is a1e8d3c2e1064d35a0058a7bccc81acb. _add_unique_id /usr/lib/python2.7/site-packages/oslo_messaging/_drivers/amqp.py:258
2016-01-29 15:38:45.021 1195 DEBUG oslo_messaging._drivers.amqp [req-f45d2323-3110-4646-9762-5b98dc281ed5 ] UNIQUE_ID is 146f2e9c13d94809beb2f75e26977626. _add_unique_id /usr/lib/python2.7/site-packages/oslo_messaging/_drivers/amqp.py:258
2016-01-29 15:38:45.021 1195 DEBUG oslo_concurrency.lockutils [req-f6fcf07f-8a4b-4984-88a1-b289e97c9e33 ] Releasing semaphore "db-access" lock /usr/lib/python2.7/site-packages/oslo_concurrency/lockutils.py:404
2016-01-29 15:38:45.027 1195 DEBUG oslo_messaging._drivers.amqp [req-f6fcf07f-8a4b-4984-88a1-b289e97c9e33 ] UNIQUE_ID is 50167b6a98aa423ba61fd9917eca69ad. _add_unique_id /usr/lib/python2.7/site-packages/oslo_messaging/_drivers/amqp.py:258
2016-01-29 15:38:45.031 1210 INFO neutron.callbacks.manager [req-520ea668-0e6f-41a6-9bf9-4e0d69ad3215 ] Notify callbacks for port, after_update
2016-01-29 15:38:45.031 1210 INFO neutron.callbacks.manager [req-520ea668-0e6f-41a6-9bf9-4e0d69ad3215 ] Calling callback neutron.db.l3_dvrscheduler_db._notify_l3_agent_port_update
2016-01-29 15:38:45.032 1210 DEBUG neutron.db.l3_dvrscheduler_db [req-520ea668-0e6f-41a6-9bf9-4e0d69ad3215 ] Received port after_update _notify_l3_agent_new_port /usr/lib/python2.7/site-packages/neutron/db/l3_dvrscheduler_db.py:339
2016-01-29 15:38:45.032 1210 DEBUG oslo_messaging._drivers.amqp [req-520ea668-0e6f-41a6-9bf9-4e0d69ad3215 ] UNIQUE_ID is 670b460069574f00b87a74807d70dbe1. _add_unique_id /usr/lib/python2.7/site-packages/oslo_messaging/_drivers/amqp.py:258
2016-01-29 15:38:45.036 1210 DEBUG oslo_messaging._drivers.amqp [req-520ea668-0e6f-41a6-9bf9-4e0d69ad3215 ] UNIQUE_ID is 6408b2fc56c04511baa3cc1dd31fbdb0. _add_unique_id /usr/lib/python2.7/site-packages/oslo_messaging/_drivers/amqp.py:258
2016-01-29 15:38:45.037 1195 DEBUG neutron.api.rpc.handlers.l3_rpc [req-e817bfba-3abf-4112-9f87-d8ce9b321b8a ] Routers returned to l3 agent:
 [
     {
          "status": "ACTIVE", 
          "_interfaces": [
               {
                    "status": "DOWN", 
                    "subnets": [
                         {
                              "ipv6_ra_mode": null, 
                              "cidr": "10.0.0.0/24", 
                              "gateway_ip": "10.0.0.1", 
                              "id": "41f6b26a-2203-4fd7-8694-decaacbbc56d"
                         }
                    ], 
                    "binding:host_id": "", 
                    "allowed_address_pairs": [], 
                    "extra_dhcp_opts": [], 
                    "device_owner": "network:router_interface", 
                    "binding:profile": {}, 
                    "fixed_ips": [
                         {
                              "subnet_id": "41f6b26a-2203-4fd7-8694-decaacbbc56d", 
                              "prefixlen": 24, 
                              "ip_address": "10.0.0.1"
                         }
                    ], 
                    "id": "12e68352-b351-4bab-9fc9-e156a2579b2f", 
                    "security_groups": [], 
                    "device_id": "8aa46528-5442-464a-9dbb-e60a461f94db", 
                    "name": "", 
                    "admin_state_up": true, 
                    "network_id": "f867f7a4-5cf4-47b3-bead-466c6174131d", 
                    "tenant_id": "0c7fe42d8b9f4f7ebcf4cd563078dcb4", 
                    "binding:vif_details": {}, 
                    "binding:vnic_type": "normal", 
                    "binding:vif_type": "unbound", 
                    "mac_address": "fa:16:3e:64:80:82", 
                    "extra_subnets": []
               }
          ], 
          "enable_snat": true, 
          "ha_vr_id": 1, 
          "_ha_state": "standby", 
          "gw_port": {
               "status": "DOWN", 
               "subnets": [
                    {
                         "ipv6_ra_mode": null, 
                         "cidr": "172.24.4.224/28", 
                         "gateway_ip": "172.24.4.225", 
                         "id": "1fa7bdbe-c92b-4a14-8338-a7a0ab7cad43"
                    }
               ], 
               "binding:host_id": "", 
               "allowed_address_pairs": [], 
               "extra_dhcp_opts": [], 
               "device_owner": "network:router_gateway", 
               "binding:profile": {}, 
               "fixed_ips": [
                    {
                         "subnet_id": "1fa7bdbe-c92b-4a14-8338-a7a0ab7cad43", 
                         "prefixlen": 28, 
                         "ip_address": "172.24.4.236"
                    }
               ], 
               "id": "afcd9f8f-68e3-4b9e-8d83-3a20a2cee051", 
               "security_groups": [], 
               "device_id": "8aa46528-5442-464a-9dbb-e60a461f94db", 
               "name": "", 
               "admin_state_up": true, 
               "network_id": "5c2113dc-ce66-43f9-b83b-d2f1706ba8a2", 
               "tenant_id": "", 
               "binding:vif_details": {}, 
               "binding:vnic_type": "normal", 
               "binding:vif_type": "unbound", 
               "mac_address": "fa:16:3e:51:9d:c2", 
               "extra_subnets": []
          }, 
          "ha": true, 
          "id": "8aa46528-5442-464a-9dbb-e60a461f94db", 
          "gw_port_host": null, 
          "external_gateway_info": {
               "network_id": "5c2113dc-ce66-43f9-b83b-d2f1706ba8a2", 
               "enable_snat": true, 
               "external_fixed_ips": [
                    {
                         "subnet_id": "1fa7bdbe-c92b-4a14-8338-a7a0ab7cad43", 
                         "ip_address": "172.24.4.236"
                    }
               ]
          }, 
          "name": "router-net-a", 
          "gw_port_id": "afcd9f8f-68e3-4b9e-8d83-3a20a2cee051", 
          "admin_state_up": true, 
          "tenant_id": "0c7fe42d8b9f4f7ebcf4cd563078dcb4", 
          "distributed": false, 
          "_snat_router_interfaces": [], 
          "_ha_interface": {
               "status": "ACTIVE", 
               "subnets": [
                    {
                         "ipv6_ra_mode": null, 
                         "cidr": "169.254.192.0/18", 
                         "gateway_ip": null, 
                         "id": "42a42a33-9282-46b5-b5cc-e5c1fc754034"
                    }
               ], 
               "binding:host_id": "osp7_networker3_1447326248174_60251", 
               "allowed_address_pairs": [], 
               "extra_dhcp_opts": [], 
               "device_owner": "network:router_ha_interface", 
               "binding:profile": {}, 
               "fixed_ips": [
                    {
                         "subnet_id": "42a42a33-9282-46b5-b5cc-e5c1fc754034", 
                         "prefixlen": 18, 
                         "ip_address": "169.254.192.158"
                    }
